[honest] rq1_task_composition.csv: 10 pre and 13 post quarters, target = average post coefficient
 Mbar          lb          ub   method excludes_zero
   NA -0.07625234 -0.01334577 Original          TRUE
  0.0 -0.07435673 -0.01524138     C-LF          TRUE
  0.1 -0.10776975  0.00789071     C-LF         FALSE
  0.2 -0.14889347  0.04644420     C-LF         FALSE
  0.3 -0.19515765  0.09013815     C-LF         FALSE
  0.4 -0.24142183  0.13383210     C-LF         FALSE
  0.5 -0.28768601  0.18009628     C-LF         FALSE
  0.6 -0.33137996  0.22379023     C-LF         FALSE
  0.7 -0.37764415  0.27005441     C-LF         FALSE
  0.8 -0.42390833  0.31631860     C-LF         FALSE
  0.9 -0.47017251  0.36258278     C-LF         FALSE
  1.0 -0.51643670  0.40884696     C-LF         FALSE
  1.1 -0.56013065  0.45254091     C-LF         FALSE
  1.2 -0.60639483  0.49880510     C-LF         FALSE
  1.3 -0.65265901  0.54506928     C-LF         FALSE
  1.4 -0.69635296  0.59133346     C-LF         FALSE
  1.5 -0.74261715  0.63502741     C-LF         FALSE
  1.6 -0.78888133  0.68129159     C-LF         FALSE
  1.7 -0.83257528  0.72498555     C-LF         FALSE
  1.8 -0.87883946  0.77124973     C-LF         FALSE
  1.9 -0.92510365  0.81751391     C-LF         FALSE
  2.0 -0.96879760  0.86120786     C-LF         FALSE
[honest] breakdown Mbar = 0 (grid step 0.1)
[honest] written to data/out/results/rq1_task_composition_honest_did.csv 
[honest] rq1_task_composition.csv: 3 pre and 13 post quarters, target = average post coefficient
 Mbar          lb           ub   method excludes_zero
   NA -0.07625846 -0.013382504 Original          TRUE
  0.0 -0.07436377 -0.015277192     C-LF          TRUE
  0.1 -0.10776053  0.002705679     C-LF         FALSE
  0.2 -0.14886424  0.038671422     C-LF         FALSE
  0.3 -0.18996794  0.077206146     C-LF         FALSE
  0.4 -0.23364063  0.118309852     C-LF         FALSE
  0.5 -0.27474434  0.159413558     C-LF         FALSE
  0.6 -0.31841702  0.200517264     C-LF         FALSE
  0.7 -0.35952073  0.244189951     C-LF         FALSE
  0.8 -0.40062444  0.285293657     C-LF         FALSE
  0.9 -0.44429712  0.326397363     C-LF         FALSE
  1.0 -0.48540083  0.367501069     C-LF         FALSE
  1.1 -0.52650453  0.408604775     C-LF         FALSE
  1.2 -0.57017722  0.452277462     C-LF         FALSE
  1.3 -0.61128093  0.493381168     C-LF         FALSE
  1.4 -0.65238463  0.534484874     C-LF         FALSE
  1.5 -0.69348834  0.575588580     C-LF         FALSE
  1.6 -0.73716103  0.616692286     C-LF         FALSE
  1.7 -0.77826473  0.657795992     C-LF         FALSE
  1.8 -0.81936844  0.698899698     C-LF         FALSE
  1.9 -0.86047214  0.740003404     C-LF         FALSE
  2.0 -0.90157585  0.781107110     C-LF         FALSE
[honest] breakdown Mbar = 0 (grid step 0.1)
[honest] written to data/out/results_rq1_from_2021q4/rq1_task_composition_honest_did.csv 
